{
  "dev.conca.gson.CyclicObject#[id1]": {
    "field1": "object2",
    "cyclicObject": {
      "$ref": "/dev.conca.gson.CyclicObject#[id2]"
    }
  },
  "dev.conca.gson.CyclicObject#[id2]": {
    "field1": "object1",
    "cyclicObject": {
      "$ref": "/dev.conca.gson.CyclicObject#[id1]"
    }
  }
}
